---
source: tests/http/legacy_tiers.rs
expression: "get(\"/channelid/11111/tiers/2026?mode=online\").send().await"
---
GET /channelid/11111/tiers/2026?mode=online
status: 200 OK
content-type: application/json
cache-control: no-cache
x-rustlog-capabilities: arbitrary-range-query,search,stats,namehistory
---
{
  "entries": [
    {
      "messages": 1,
      "rank15m": 1,
      "rank1m": 1,
      "rank30m": 1,
      "rank5m": 1,
      "rank60m": 1,
      "tier15m": "HT1",
      "tier1m": "HT1",
      "tier30m": "HT1",
      "tier5m": "HT1",
      "tier60m": "HT1",
      "tierScore": 50,
      "uniqueMessages": 1,
      "userId": "22222",
      "userLogin": null,
      "windows15m": 1,
      "windows1m": 1,
      "windows30m": 1,
      "windows5m": 1,
      "windows60m": 1
    }
  ],
  "timezone": "Europe/Moscow",
  "totalMessages": 1,
  "totalUniqueMessages": 1,
  "totalUsers": 1,
  "year": 2026
}
