---
source: tests/http/legacy_logs.rs
expression: "get(\"/list?channelid=11111&userid=22222\").send().await"
---
GET /list?channelid=11111&userid=22222
status: 200 OK
content-type: application/json
cache-control: no-cache
x-rustlog-capabilities: arbitrary-range-query,search,stats,namehistory
---
{
  "availableLogs": [
    {
      "month": "3",
      "year": "2026"
    },
    {
      "month": "2",
      "year": "2026"
    }
  ]
}
