---
source: tests/http/v2_logs.rs
expression: "get(format!(\"{USER_LOGS}?{MARCH}&format=raw\")).send().await"
---
GET /api/v2/channels/11111/users/22222/logs?from=2026-03-01T00:00:00Z&to=2026-04-01T00:00:00Z&format=raw
status: 200 OK
content-type: text/plain; charset=utf-8
cache-control: no-cache
---
@badge-info=;badges=subscriber/12;color=#FF0000;display-name=Alice;emotes=;flags=;id=00000000-0000-0000-0000-000000000001;room-id=11111;subscriber=1;tmi-sent-ts=1772348400000;user-id=22222;user-type= :alice!alice@alice.tmi.twitch.tv PRIVMSG #testchan :hello world
@badge-info=;badges=subscriber/12;color=#FF0000;display-name=Alice;emotes=;flags=;id=00000000-0000-0000-0000-000000000003;room-id=11111;subscriber=1;tmi-sent-ts=1772355600000;user-id=22222;user-type= :alice!alice@alice.tmi.twitch.tv PRIVMSG #testchan :hello again
@badge-info=;badges=subscriber/12;color=#FF0000;display-name=Alice;emotes=;flags=;id=00000000-0000-0000-0000-000000000005;room-id=11111;subscriber=1;tmi-sent-ts=1773594000000;user-id=22222;user-type= :alice!alice@alice.tmi.twitch.tv PRIVMSG #testchan :mid month
